5 4 8 11 13 4 7 2 1
not complete
not complete
not complete
1 2 3 4 5 6 11